// Jest Snapshot v1, https://goo.gl/fbAQLP

exports[`renders correctly 1`] = `
<View
  style={
    Object {
      "backgroundColor": "#2ecc71",
      "flex": 1,
    }
  }
>
  <View
    style={
      Object {
        "flex": 0.5,
        "justifyContent": "flex-end",
        "marginVertical": 40,
        "paddingHorizontal": 20,
      }
    }
  >
    <Text
      style={
        Object {
          "color": "white",
          "fontSize": 25,
          "fontWeight": "bold",
        }
      }
    >
      Note List
    </Text>
    <Text
      style={
        Object {
          "color": "white",
          "fontSize": 25,
          "fontWeight": "bold",
        }
      }
    >
      App
    </Text>
  </View>
  <View
    style={
      Object {
        "backgroundColor": "white",
        "borderTopLeftRadius": 30,
        "borderTopRightRadius": 30,
        "flex": 3,
        "justifyContent": "center",
        "padding": 20,
      }
    }
  >
    <View
      style={
        Object {
          "alignItems": "center",
          "flex": 1,
          "justifyContent": "flex-end",
        }
      }
    >
      <Text
        style={
          Object {
            "fontSize": 15,
          }
        }
      >
        Empty Note
      </Text>
    </View>
    <View
      style={
        Object {
          "flex": 0.9,
        }
      }
    >
      <Modal
        animationType="slide"
        hardwareAccelerated={true}
        visible={false}
      >
        <View
          style={
            Object {
              "flex": 1,
              "marginRight": 20,
              "marginTop": 20,
            }
          }
        >
          <View
            style={
              Object {
                "alignItems": "flex-end",
                "marginBottom": 10,
              }
            }
          >
            <View
              style={
                Object {
                  "flexDirection": "row",
                }
              }
            >
              <View
                accessible={true}
                focusable={true}
                onClick={[Function]}
                onResponderGrant={[Function]}
                onResponderMove={[Function]}
                onResponderRelease={[Function]}
                onResponderTerminate={[Function]}
                onResponderTerminationRequest={[Function]}
                onStartShouldSetResponder={[Function]}
                style={
                  Object {
                    "opacity": 1,
                    "paddingRight": 20,
                  }
                }
              >
                <Text
                  allowFontScaling={false}
                  style={
                    Array [
                      Object {
                        "color": "#eb2f06",
                        "fontSize": 25,
                      },
                      undefined,
                      Object {
                        "fontFamily": "Feather",
                        "fontStyle": "normal",
                        "fontWeight": "normal",
                      },
                      Object {},
                    ]
                  }
                >
                  
                </Text>
              </View>
              <View
                accessible={true}
                focusable={true}
                onClick={[Function]}
                onResponderGrant={[Function]}
                onResponderMove={[Function]}
                onResponderRelease={[Function]}
                onResponderTerminate={[Function]}
                onResponderTerminationRequest={[Function]}
                onStartShouldSetResponder={[Function]}
                style={
                  Object {
                    "opacity": 1,
                  }
                }
              >
                <Text
                  style={
                    Array [
                      Object {
                        "fontSize": 17,
                      },
                      Object {
                        "color": "#74b9ff",
                      },
                    ]
                  }
                >
                  SAVE
                </Text>
              </View>
            </View>
          </View>
          <View
            style={
              Object {
                "flex": 1,
              }
            }
          >
            <View
              style={
                Object {
                  "flexDirection": "row",
                  "paddingLeft": 12,
                }
              }
            >
              <Text
                allowFontScaling={false}
                style={
                  Array [
                    Object {
                      "color": "#2980b9",
                      "fontSize": 25,
                    },
                    undefined,
                    Object {
                      "fontFamily": "FontAwesome",
                      "fontStyle": "normal",
                      "fontWeight": "normal",
                    },
                    Object {},
                  ]
                }
              >
                
              </Text>
              <View
                style={
                  Array [
                    Object {
                      "backgroundColor": "rgb(231, 231, 231)",
                      "borderTopLeftRadius": 4,
                      "borderTopRightRadius": 4,
                    },
                    Object {
                      "backgroundColor": "transparent",
                      "flex": 1,
                    },
                  ]
                }
              >
                <View
                  style={
                    Object {
                      "backgroundColor": "rgba(0, 0, 0, 0.26)",
                      "bottom": 0,
                      "height": 2,
                      "left": 0,
                      "position": "absolute",
                      "right": 0,
                      "transform": Array [
                        Object {
                          "scaleY": 0.5,
                        },
                      ],
                    }
                  }
                />
                <View
                  style={
                    Object {
                      "minHeight": 30,
                      "paddingBottom": 0,
                      "paddingTop": 0,
                    }
                  }
                >
                  <TextInput
                    allowFontScaling={true}
                    editable={true}
                    maxLength={20}
                    multiline={false}
                    onBlur={[Function]}
                    onChangeText={[Function]}
                    onFocus={[Function]}
                    placeholder="Title"
                    placeholderTextColor="rgba(0, 0, 0, 0.54)"
                    rejectResponderTermination={true}
                    selectionColor="#6200ee"
                    style={
                      Array [
                        Object {
                          "flexGrow": 1,
                          "margin": 0,
                          "textAlign": "left",
                          "zIndex": 1,
                        },
                        Object {
                          "paddingHorizontal": 12,
                        },
                        Object {
                          "height": 30,
                        },
                        Object {
                          "paddingBottom": 0,
                          "paddingTop": 0,
                        },
                        Object {
                          "color": "#000000",
                          "fontFamily": "System",
                          "fontSize": 20,
                          "fontWeight": "bold",
                          "textAlignVertical": "center",
                        },
                      ]
                    }
                    underlineColorAndroid="transparent"
                  />
                </View>
              </View>
            </View>
            <View
              style={
                Array [
                  Object {
                    "flexDirection": "row",
                    "paddingLeft": 12,
                  },
                  Object {
                    "marginBottom": 10,
                    "marginTop": 15,
                  },
                ]
              }
            >
              <Text
                allowFontScaling={false}
                style={
                  Array [
                    Object {
                      "color": "#2980b9",
                      "fontSize": 25,
                    },
                    undefined,
                    Object {
                      "fontFamily": "Feather",
                      "fontStyle": "normal",
                      "fontWeight": "normal",
                    },
                    Object {},
                  ]
                }
              >
                
              </Text>
              <View
                accessible={true}
                focusable={true}
                onClick={[Function]}
                onResponderGrant={[Function]}
                onResponderMove={[Function]}
                onResponderRelease={[Function]}
                onResponderTerminate={[Function]}
                onResponderTerminationRequest={[Function]}
                onStartShouldSetResponder={[Function]}
                style={
                  Object {
                    "flex": 1,
                    "opacity": 1,
                  }
                }
              >
                <View
                  style={
                    Array [
                      Object {
                        "backgroundColor": "rgb(231, 231, 231)",
                        "borderTopLeftRadius": 4,
                        "borderTopRightRadius": 4,
                      },
                      Object {
                        "backgroundColor": "transparent",
                        "flex": 1,
                      },
                    ]
                  }
                >
                  <View
                    style={
                      Object {
                        "backgroundColor": "rgba(0, 0, 0, 0.26)",
                        "bottom": 0,
                        "height": 2,
                        "left": 0,
                        "position": "absolute",
                        "right": 0,
                        "transform": Array [
                          Object {
                            "scaleY": 0.5,
                          },
                        ],
                      }
                    }
                  />
                  <View
                    style={
                      Object {
                        "minHeight": 25,
                        "paddingBottom": 0,
                        "paddingTop": 0,
                      }
                    }
                  >
                    <TextInput
                      allowFontScaling={true}
                      editable={false}
                      multiline={false}
                      onBlur={[Function]}
                      onChangeText={[Function]}
                      onFocus={[Function]}
                      placeholder="Reminder"
                      placeholderTextColor="rgba(0, 0, 0, 0.54)"
                      rejectResponderTermination={true}
                      selectionColor="#6200ee"
                      style={
                        Array [
                          Object {
                            "flexGrow": 1,
                            "margin": 0,
                            "textAlign": "left",
                            "zIndex": 1,
                          },
                          Object {
                            "paddingHorizontal": 12,
                          },
                          Object {
                            "height": 25,
                          },
                          Object {
                            "paddingBottom": 0,
                            "paddingTop": 0,
                          },
                          Object {
                            "color": "#000000",
                            "fontFamily": "System",
                            "fontSize": 20,
                            "fontWeight": undefined,
                            "textAlignVertical": "center",
                          },
                        ]
                      }
                      underlineColorAndroid="transparent"
                      value=""
                    />
                  </View>
                </View>
              </View>
              <Text
                allowFontScaling={false}
                style={
                  Array [
                    Object {
                      "color": "#2980b9",
                      "fontSize": 25,
                    },
                    Object {
                      "paddingLeft": 10,
                    },
                    Object {
                      "fontFamily": "Feather",
                      "fontStyle": "normal",
                      "fontWeight": "normal",
                    },
                    Object {},
                  ]
                }
              >
                
              </Text>
              <View
                accessible={true}
                focusable={true}
                onClick={[Function]}
                onResponderGrant={[Function]}
                onResponderMove={[Function]}
                onResponderRelease={[Function]}
                onResponderTerminate={[Function]}
                onResponderTerminationRequest={[Function]}
                onStartShouldSetResponder={[Function]}
                style={
                  Object {
                    "flex": 1,
                    "opacity": 1,
                  }
                }
                testID="submit-data"
              >
                <View
                  style={
                    Array [
                      Object {
                        "backgroundColor": "rgb(231, 231, 231)",
                        "borderTopLeftRadius": 4,
                        "borderTopRightRadius": 4,
                      },
                      Object {
                        "backgroundColor": "transparent",
                        "flex": 1,
                      },
                    ]
                  }
                >
                  <View
                    style={
                      Object {
                        "backgroundColor": "rgba(0, 0, 0, 0.26)",
                        "bottom": 0,
                        "height": 2,
                        "left": 0,
                        "position": "absolute",
                        "right": 0,
                        "transform": Array [
                          Object {
                            "scaleY": 0.5,
                          },
                        ],
                      }
                    }
                  />
                  <View
                    style={
                      Object {
                        "minHeight": 25,
                        "paddingBottom": 0,
                        "paddingTop": 0,
                      }
                    }
                  >
                    <TextInput
                      allowFontScaling={true}
                      editable={false}
                      multiline={false}
                      onBlur={[Function]}
                      onChangeText={[Function]}
                      onFocus={[Function]}
                      placeholder="Reminder"
                      placeholderTextColor="rgba(0, 0, 0, 0.54)"
                      rejectResponderTermination={true}
                      selectionColor="#6200ee"
                      style={
                        Array [
                          Object {
                            "flexGrow": 1,
                            "margin": 0,
                            "textAlign": "left",
                            "zIndex": 1,
                          },
                          Object {
                            "paddingHorizontal": 12,
                          },
                          Object {
                            "height": 25,
                          },
                          Object {
                            "paddingBottom": 0,
                            "paddingTop": 0,
                          },
                          Object {
                            "color": "#000000",
                            "fontFamily": "System",
                            "fontSize": 20,
                            "fontWeight": undefined,
                            "textAlignVertical": "center",
                          },
                        ]
                      }
                      underlineColorAndroid="transparent"
                      value=""
                    />
                  </View>
                </View>
              </View>
            </View>
            <View
              style={
                Array [
                  Object {
                    "backgroundColor": "rgb(231, 231, 231)",
                    "borderTopLeftRadius": 4,
                    "borderTopRightRadius": 4,
                  },
                  Object {
                    "backgroundColor": "transparent",
                  },
                ]
              }
            >
              <View
                style={
                  Object {
                    "backgroundColor": "rgba(0, 0, 0, 0.26)",
                    "bottom": 0,
                    "height": 2,
                    "left": 0,
                    "position": "absolute",
                    "right": 0,
                    "transform": Array [
                      Object {
                        "scaleY": 0.5,
                      },
                    ],
                  }
                }
              />
              <View
                style={
                  Object {
                    "minHeight": 64,
                    "paddingBottom": 0,
                    "paddingTop": 0,
                  }
                }
              >
                <TextInput
                  allowFontScaling={true}
                  editable={true}
                  multiline={true}
                  numberOfLines={50}
                  onBlur={[Function]}
                  onChangeText={[Function]}
                  onFocus={[Function]}
                  placeholder="Notes"
                  placeholderTextColor="rgba(0, 0, 0, 0.54)"
                  rejectResponderTermination={true}
                  scrollEnabled={true}
                  selectionColor="#6200ee"
                  style={
                    Array [
                      Object {
                        "flexGrow": 1,
                        "margin": 0,
                        "textAlign": "left",
                        "zIndex": 1,
                      },
                      Object {
                        "paddingHorizontal": 12,
                      },
                      Object {},
                      Object {
                        "paddingBottom": 21,
                        "paddingTop": 21,
                      },
                      Object {
                        "color": "#000000",
                        "fontFamily": "System",
                        "fontSize": 16,
                        "fontWeight": undefined,
                        "textAlignVertical": "top",
                      },
                    ]
                  }
                  underlineColorAndroid="transparent"
                />
              </View>
            </View>
          </View>
        </View>
      </Modal>
      <View
        accessible={true}
        focusable={true}
        onClick={[Function]}
        onResponderGrant={[Function]}
        onResponderMove={[Function]}
        onResponderRelease={[Function]}
        onResponderTerminate={[Function]}
        onResponderTerminationRequest={[Function]}
        onStartShouldSetResponder={[Function]}
        style={
          Object {
            "backgroundColor": "#2ecc71",
            "borderRadius": 140,
            "bottom": 0,
            "height": 70,
            "margin": 10,
            "opacity": 1,
            "position": "absolute",
            "right": 0,
            "width": 70,
          }
        }
        testID="is-show-form"
      >
        <Text
          allowFontScaling={false}
          style={
            Array [
              Object {
                "color": "white",
                "fontSize": 70,
              },
              undefined,
              Object {
                "fontFamily": "Feather",
                "fontStyle": "normal",
                "fontWeight": "normal",
              },
              Object {},
            ]
          }
        >
          
        </Text>
      </View>
    </View>
  </View>
</View>
`;
