// Jest Snapshot v1, https://goo.gl/fbAQLP

exports[`renders correctly 1`] = `
<View
  style={
    Object {
      "backgroundColor": "#2ecc71",
      "flex": 1,
    }
  }
>
  <View
    style={
      Object {
        "flex": 0.5,
        "justifyContent": "flex-end",
        "marginVertical": 40,
        "paddingHorizontal": 20,
      }
    }
  >
    <Text
      style={
        Object {
          "color": "white",
          "fontSize": 25,
          "fontWeight": "bold",
        }
      }
    >
      Todo List
    </Text>
    <Text
      style={
        Object {
          "color": "white",
          "fontSize": 25,
          "fontWeight": "bold",
        }
      }
    >
      App
    </Text>
  </View>
  <View
    style={
      Object {
        "backgroundColor": "#3498db",
        "borderTopLeftRadius": 30,
        "borderTopRightRadius": 30,
        "flex": 3,
        "justifyContent": "center",
        "padding": 20,
      }
    }
  >
    <View
      style={
        Object {
          "alignItems": "center",
          "flex": 1,
          "justifyContent": "flex-end",
        }
      }
    >
      <Text
        style={
          Object {
            "color": "#ecf0f1",
            "fontSize": 15,
          }
        }
      >
        Empty Data
      </Text>
    </View>
    <View
      style={
        Object {
          "flex": 0.9,
        }
      }
    >
      <Modal
        animationType="fade"
        hardwareAccelerated={true}
        transparent={true}
        visible={false}
      >
        <View
          style={
            Object {
              "alignItems": "center",
              "flex": 1,
              "justifyContent": "center",
            }
          }
        >
          <View
            style={
              Object {
                "backgroundColor": "#ecf0f1",
                "borderRadius": 20,
                "height": 834,
                "justifyContent": "center",
                "margin": 20,
                "opacity": 0.95,
                "padding": 20,
                "width": 630,
              }
            }
          >
            <Text
              style={
                Object {
                  "fontSize": 18,
                }
              }
            >
              Name
            </Text>
            <View
              style={
                Object {
                  "alignItems": "center",
                  "flexDirection": "row",
                }
              }
            >
              <Text
                allowFontScaling={false}
                style={
                  Array [
                    Object {
                      "color": "#2980b9",
                      "fontSize": 25,
                    },
                    undefined,
                    Object {
                      "fontFamily": "FontAwesome",
                      "fontStyle": "normal",
                      "fontWeight": "normal",
                    },
                    Object {},
                  ]
                }
              >
                
              </Text>
              <View
                style={
                  Array [
                    Object {
                      "backgroundColor": "rgb(231, 231, 231)",
                      "borderTopLeftRadius": 4,
                      "borderTopRightRadius": 4,
                    },
                    Object {
                      "backgroundColor": "transparent",
                      "flex": 1,
                      "marginLeft": 10,
                      "paddingLeft": -5,
                    },
                  ]
                }
              >
                <View
                  style={
                    Object {
                      "backgroundColor": "rgba(0, 0, 0, 0.26)",
                      "bottom": 0,
                      "height": 2,
                      "left": 0,
                      "position": "absolute",
                      "right": 0,
                      "transform": Array [
                        Object {
                          "scaleY": 0.5,
                        },
                      ],
                    }
                  }
                />
                <View
                  style={
                    Object {
                      "minHeight": 40,
                      "paddingBottom": 0,
                      "paddingTop": 0,
                    }
                  }
                >
                  <TextInput
                    allowFontScaling={true}
                    editable={true}
                    multiline={false}
                    onBlur={[Function]}
                    onChangeText={[Function]}
                    onFocus={[Function]}
                    placeholder="Your Name"
                    placeholderTextColor="rgba(0, 0, 0, 0.54)"
                    rejectResponderTermination={true}
                    selectionColor="#6200ee"
                    style={
                      Array [
                        Object {
                          "flexGrow": 1,
                          "margin": 0,
                          "textAlign": "left",
                          "zIndex": 1,
                        },
                        Object {
                          "paddingHorizontal": 12,
                        },
                        Object {
                          "height": 40,
                        },
                        Object {
                          "paddingBottom": 0,
                          "paddingTop": 0,
                        },
                        Object {
                          "color": "#000000",
                          "fontFamily": "System",
                          "fontSize": 16,
                          "fontWeight": undefined,
                          "textAlignVertical": "center",
                        },
                      ]
                    }
                    testID="name-input"
                    underlineColorAndroid="transparent"
                  />
                </View>
              </View>
            </View>
            <Text
              style={
                Object {
                  "fontSize": 18,
                }
              }
            >
              Address
            </Text>
            <View
              style={
                Object {
                  "alignItems": "center",
                  "flexDirection": "row",
                }
              }
            >
              <Text
                allowFontScaling={false}
                style={
                  Array [
                    Object {
                      "color": "#2980b9",
                      "fontSize": 25,
                    },
                    undefined,
                    Object {
                      "fontFamily": "Feather",
                      "fontStyle": "normal",
                      "fontWeight": "normal",
                    },
                    Object {},
                  ]
                }
              >
                
              </Text>
              <View
                style={
                  Array [
                    Object {
                      "backgroundColor": "rgb(231, 231, 231)",
                      "borderTopLeftRadius": 4,
                      "borderTopRightRadius": 4,
                    },
                    Object {
                      "backgroundColor": "transparent",
                      "flex": 1,
                      "marginLeft": 10,
                      "paddingLeft": -5,
                    },
                  ]
                }
              >
                <View
                  style={
                    Object {
                      "backgroundColor": "rgba(0, 0, 0, 0.26)",
                      "bottom": 0,
                      "height": 2,
                      "left": 0,
                      "position": "absolute",
                      "right": 0,
                      "transform": Array [
                        Object {
                          "scaleY": 0.5,
                        },
                      ],
                    }
                  }
                />
                <View
                  style={
                    Object {
                      "minHeight": 40,
                      "paddingBottom": 0,
                      "paddingTop": 0,
                    }
                  }
                >
                  <TextInput
                    allowFontScaling={true}
                    editable={true}
                    multiline={false}
                    onBlur={[Function]}
                    onChangeText={[Function]}
                    onFocus={[Function]}
                    placeholder="Your Address"
                    placeholderTextColor="rgba(0, 0, 0, 0.54)"
                    rejectResponderTermination={true}
                    selectionColor="#6200ee"
                    style={
                      Array [
                        Object {
                          "flexGrow": 1,
                          "margin": 0,
                          "textAlign": "left",
                          "zIndex": 1,
                        },
                        Object {
                          "paddingHorizontal": 12,
                        },
                        Object {
                          "height": 40,
                        },
                        Object {
                          "paddingBottom": 0,
                          "paddingTop": 0,
                        },
                        Object {
                          "color": "#000000",
                          "fontFamily": "System",
                          "fontSize": 16,
                          "fontWeight": undefined,
                          "textAlignVertical": "center",
                        },
                      ]
                    }
                    testID="address-input"
                    underlineColorAndroid="transparent"
                  />
                </View>
              </View>
            </View>
            <View
              style={
                Object {
                  "flexDirection": "row",
                  "height": 50,
                  "marginTop": 25,
                }
              }
            >
              <View
                accessible={true}
                focusable={true}
                onClick={[Function]}
                onResponderGrant={[Function]}
                onResponderMove={[Function]}
                onResponderRelease={[Function]}
                onResponderTerminate={[Function]}
                onResponderTerminationRequest={[Function]}
                onStartShouldSetResponder={[Function]}
                style={
                  Object {
                    "alignItems": "center",
                    "backgroundColor": "#2ecc71",
                    "borderRadius": 30,
                    "flex": 1,
                    "justifyContent": "center",
                    "opacity": 1,
                  }
                }
                testID="submit-data"
              >
                <Text
                  style={
                    Object {
                      "color": "#ecf0f1",
                      "fontSize": 18,
                    }
                  }
                >
                  Submit
                </Text>
              </View>
            </View>
          </View>
        </View>
      </Modal>
      <View
        accessible={true}
        focusable={true}
        onClick={[Function]}
        onResponderGrant={[Function]}
        onResponderMove={[Function]}
        onResponderRelease={[Function]}
        onResponderTerminate={[Function]}
        onResponderTerminationRequest={[Function]}
        onStartShouldSetResponder={[Function]}
        style={
          Object {
            "backgroundColor": "#74b9ff",
            "borderRadius": 140,
            "bottom": 0,
            "height": 70,
            "margin": 10,
            "opacity": 1,
            "position": "absolute",
            "right": 0,
            "width": 70,
          }
        }
        testID="is-show-form"
      >
        <Text
          allowFontScaling={false}
          style={
            Array [
              Object {
                "color": "#3498db",
                "fontSize": 70,
              },
              undefined,
              Object {
                "fontFamily": "Feather",
                "fontStyle": "normal",
                "fontWeight": "normal",
              },
              Object {},
            ]
          }
        >
          
        </Text>
      </View>
    </View>
  </View>
</View>
`;
